// Jest Snapshot v1, https://goo.gl/fbAQLP

exports[`Test App top level component renders without crashing 1`] = `
<BrowserRouter>
  <div>
    <Header
      loggedIn={false}
      logoutUser={[Function]}
      userData={null}
    />
    <div
      className="container"
    >
      <_class
        options={Object {}}
      />
      <Main
        loggedIn={false}
        loginUser={[Function]}
        updateUserData={[Function]}
        userData={null}
      />
    </div>
    <Footer
      isLoggedIn={false}
    />
  </div>
</BrowserRouter>
`;
