// Jest Snapshot v1, https://goo.gl/fbAQLP

exports[`Test CategoryForm renders properly 1`] = `
<form
  onSubmit={[Function]}
>
  <div
    className="input-field"
  >
    <label
      htmlFor="cat_name"
    >
      Category Name:
    </label>
    <input
      id="cat_name"
      name="cat_name"
      onChange={[Function]}
      required={true}
      type="text"
      value=""
    />
  </div>
  <div
    className="center-align"
  >
    <input
      className="btn btn-small orange"
      id="submit_category"
      name="submit_category"
      type="submit"
      value="Add Category"
    />
  </div>
</form>
`;
