// Jest Snapshot v1, https://goo.gl/fbAQLP

exports[`Test Categories component renders properly 1`] = `
<div
  className="row"
>
  <div
    className="col s4"
  >
    <SideBar />
  </div>
  <div
    className="col s8"
  >
    <div
      className="card orange-text center-align"
    >
      <div
        className="card-title"
      >
        Categories
      </div>
    </div>
    <PreLoader
      message="Fetching Categories........"
    />
    <CategoryList
      handleFetchError={[Function]}
      onFetchCategories={[Function]}
    />
  </div>
</div>
`;

exports[`Test Category component renders properly 1`] = `
<li>
  <div
    className="collapsible-header"
  >
    H
  </div>
  <div
    className="collapsible-body white "
  >
    <table>
      <tbody>
        <tr>
          <td>
            Category Name:
          </td>
          <td>
            H
          </td>
        </tr>
        <tr>
          <td>
            Owner:
          </td>
          <td>
            H h
          </td>
        </tr>
        <tr>
          <td>
            Created:
          </td>
          <td>
            <TimeAgo
              component="time"
              date="Mock Date+3"
              formatter={[Function]}
              live={true}
              maxPeriod={Infinity}
              minPeriod={0}
              now={[Function]}
            />
          </td>
        </tr>
        <tr>
          <td>
            Last Edited:
          </td>
          <td>
            <TimeAgo
              component="time"
              date="Mock Date+3"
              formatter={[Function]}
              live={true}
              maxPeriod={Infinity}
              minPeriod={0}
              now={[Function]}
            />
          </td>
        </tr>
      </tbody>
    </table>
    <hr />
    <div
      className="center-align"
    >
      <Link
        className="btn orange btn-small"
        replace={false}
        to="edit-category/1"
      >
        <i
          className="fa fa-edit"
        />
        Edit
      </Link>
      <Link
        className="btn red btn-small"
        onClick={[Function]}
        replace={false}
        to="delete-category/1"
      >
        <i
          className="fa fa-remove"
        />
        Delete
      </Link>
    </div>
  </div>
</li>
`;

exports[`Test CategoryList component renders properly 1`] = `
<ul
  className="collapsible popout"
  data-collapsible="accordion"
/>
`;
