// Jest Snapshot v1, https://goo.gl/fbAQLP

exports[`Test ChangePasswordForm renders properly 1`] = `
<form
  onSubmit={[Function]}
>
  <div
    className="input-field"
  >
    <label
      htmlFor="current_password"
    >
      Current Password
    </label>
    <input
      id="current_password"
      name="current_password"
      onChange={[Function]}
      required={true}
      type="password"
    />
  </div>
  <div
    className="input-field"
  >
    <label
      htmlFor="new_password"
    >
      New Password 
    </label>
    <input
      id="new_password"
      name="new_password"
      onChange={[Function]}
      required={true}
      type="password"
    />
  </div>
  <div
    className="input-field"
  >
    <label
      htmlFor="new_password_again"
    >
      Confirm New Password: 
    </label>
    <input
      id="new_password_again"
      name="new_password_again"
      onChange={[Function]}
      required={true}
      type="password"
    />
  </div>
  <div
    className="center-align"
  >
    <input
      className="btn btn-small orange"
      id="change_pasword"
      name="change_password"
      type="submit"
      value="Change Password"
    />
  </div>
</form>
`;
