// Jest Snapshot v1, https://goo.gl/fbAQLP

exports[`Test CreateCategory component renders properly 1`] = `
<div
  className="row"
>
  <div
    className="col m4"
  >
    <SideBar />
  </div>
  <div
    className="col m8"
  >
    <FormCard
      form={
        <AddCategoryForm
          role="add"
        />
      }
      iconClass={null}
      title="Add New Category"
    />
  </div>
</div>
`;
