// Jest Snapshot v1, https://goo.gl/fbAQLP

exports[`EditProfileForm component renders properly 1`] = `
<form
  onSubmit={[Function]}
>
  <div
    className="input-field"
  >
    <label
      htmlFor="firstname"
    >
      Lastname
    </label>
    <input
      id="firstname"
      name="firstname"
      onChange={[Function]}
      required={true}
      type="text"
      value="d"
    />
  </div>
  <div
    className="input-field"
  >
    <label
      htmlFor="lastname"
    >
      Lastname
    </label>
    <input
      id="lastname"
      name="lastname"
      onChange={[Function]}
      required={true}
      type="text"
      value="e"
    />
  </div>
  <div
    className="input-field"
  >
    <label
      htmlFor="email"
    >
      Email
    </label>
    <input
      id="email"
      name="email"
      onChange={[Function]}
      required={true}
      type="email"
      value="mockEmail"
    />
  </div>
  <div
    className="center-align"
  >
    <input
      className="btn btn-small orange"
      id="edit_profile"
      name="edit_profile"
      type="submit"
      value="Edit Profile"
    />
  </div>
</form>
`;
