// Jest Snapshot v1, https://goo.gl/fbAQLP

exports[`Footer Tests Footer renders properly 1`] = `<Component />`;

exports[`Footer Tests ShortCuts button renders properly 1`] = `
<div
  className="fixed-action-btn horizontal"
>
  <button
    className="btn-floating btn-large red"
  >
    <i
      className="fa fa-plus"
    />
  </button>
  <ul>
    <li>
      <Link
        className="btn-floating green"
        replace={false}
        style={
          Object {
            "fontSize": "10px",
            "textAlign": "center",
          }
        }
        to="/add-category"
      >
        <i
          className="fa fa-tags"
        />
      </Link>
    </li>
    <li>
      <Link
        className="btn-floating yellow darken-1"
        replace={false}
        to="/add-recipe"
      >
        <i
          className="fa fa-cutlery"
        />
      </Link>
    </li>
  </ul>
</div>
`;
