// Jest Snapshot v1, https://goo.gl/fbAQLP

exports[`Test RegisterForm renders properly 1`] = `
<form
  onSubmit={[Function]}
>
  <div
    className="input-field"
  >
    <label
      htmlFor="firstname"
    >
      First Name:
    </label>
    <input
      id="firstname"
      name="firstname"
      onChange={[Function]}
      required={true}
      type="text"
      value=""
    />
  </div>
  <div
    className="input-field"
  >
    <label
      htmlFor="lastname"
    >
      Last Name:
    </label>
    <input
      id="lastname"
      name="lastname"
      onChange={[Function]}
      required={true}
      type="text"
      value=""
    />
  </div>
  <div
    className="input-field"
  >
    <label
      htmlFor="email"
    >
      Email:
    </label>
    <input
      id="reg_email"
      name="email"
      onChange={[Function]}
      required={true}
      type="email"
      value=""
    />
  </div>
  <div
    className="input-field"
  >
    <label
      htmlFor="password"
    >
      Password:
    </label>
    <input
      id="reg_password"
      name="password"
      onChange={[Function]}
      required={true}
      type="password"
      value=""
    />
  </div>
  <div
    className="input-field"
  >
    <label
      htmlFor="c_password"
    >
      Confirm Password: 
    </label>
    <input
      id="c_password"
      name="c_password"
      onChange={[Function]}
      required={true}
      type="password"
      value=""
    />
  </div>
  <div
    className="center-align"
  >
    <input
      className="btn btn-small orange"
      id="register"
      name="register"
      type="submit"
      value="Register"
    />
  </div>
</form>
`;
