// Jest Snapshot v1, https://goo.gl/fbAQLP

exports[`Test SearchForm renders properly 1`] = `
<form
  id="searchForm"
  onSubmit={[Function]}
>
  <div
    className="row"
    onMouseEnter={[Function]}
    onMouseLeave={[Function]}
  >
    <div
      className="input-field col s9 m8 offset-m1 "
    >
      <label
        htmlFor="q"
      >
        What are you looking for?
      </label>
      <input
        id="q"
        name="q"
        onBlur={[Function]}
        onChange={[Function]}
        onFocus={[Function]}
        onKeyUp={[Function]}
        type="search"
        value=""
      />
    </div>
    <div
      className="input-field col s2 m2"
    >
      <button
        className="btn btn-small orange white-text"
        type="submit"
      >
        <i
          className="fa fa-search"
        />
      </button>
    </div>
  </div>
</form>
`;
